// Jest Snapshot v1, https://goo.gl/fbAQLP

exports[`Game component check suite render 1`] = `
<DocumentFragment>
  <div>
    <button
      class="storybook-button storybook-button--small storybook-button--primary"
      data-testid="go"
      type="button"
    >
      Запустить
    </button>
    <button
      class="storybook-button storybook-button--small storybook-button--primary"
      data-testid="clear"
      type="button"
    >
      Очистить поле
    </button>
    <button
      class="storybook-button storybook-button--small storybook-button--primary"
      data-testid="generate"
      type="button"
    >
      Сгенерировать
    </button>
    <div
      style="display: grid; grid-template-columns: repeat(2, 12px);"
    >
      <div
        class="sc-bczRLJ hcpULb"
        value="0"
      />
      <div
        class="sc-bczRLJ klZATh"
        value="1"
      />
    </div>
  </div>
</DocumentFragment>
`;
